// Jest Snapshot v1, https://goo.gl/fbAQLP

exports[`Empty Stack 1`] = `
Object {
  "Resources": Object {
    "ArtifactsBucket2AAC5544": Object {
      "DeletionPolicy": "Retain",
      "Type": "AWS::S3::Bucket",
      "UpdateReplacePolicy": "Retain",
    },
    "Build45A36621": Object {
      "Properties": Object {
        "Artifacts": Object {
          "Type": "CODEPIPELINE",
        },
        "EncryptionKey": "alias/aws/s3",
        "Environment": Object {
          "ComputeType": "BUILD_GENERAL1_SMALL",
          "EnvironmentVariables": Array [
            Object {
              "Name": "PACKAGE_BUCKET",
              "Type": "PLAINTEXT",
              "Value": Object {
                "Ref": "ArtifactsBucket2AAC5544",
              },
            },
          ],
          "Image": "aws/codebuild/standard:5.0",
          "ImagePullCredentialsType": "CODEBUILD",
          "PrivilegedMode": false,
          "Type": "LINUX_CONTAINER",
        },
        "ServiceRole": Object {
          "Fn::GetAtt": Array [
            "BuildRoleB7C66CB2",
            "Arn",
          ],
        },
        "Source": Object {
          "Type": "CODEPIPELINE",
        },
      },
      "Type": "AWS::CodeBuild::Project",
    },
    "BuildRoleB7C66CB2": Object {
      "Properties": Object {
        "AssumeRolePolicyDocument": Object {
          "Statement": Array [
            Object {
              "Action": "sts:AssumeRole",
              "Effect": "Allow",
              "Principal": Object {
                "Service": "codebuild.amazonaws.com",
              },
            },
          ],
          "Version": "2012-10-17",
        },
      },
      "Type": "AWS::IAM::Role",
    },
    "BuildRoleDefaultPolicyEAC4E6D6": Object {
      "Properties": Object {
        "PolicyDocument": Object {
          "Statement": Array [
            Object {
              "Action": Array [
                "logs:CreateLogGroup",
                "logs:CreateLogStream",
                "logs:PutLogEvents",
              ],
              "Effect": "Allow",
              "Resource": Array [
                Object {
                  "Fn::Join": Array [
                    "",
                    Array [
                      "arn:",
                      Object {
                        "Ref": "AWS::Partition",
                      },
                      ":logs:",
                      Object {
                        "Ref": "AWS::Region",
                      },
                      ":",
                      Object {
                        "Ref": "AWS::AccountId",
                      },
                      ":log-group:/aws/codebuild/",
                      Object {
                        "Ref": "Build45A36621",
                      },
                    ],
                  ],
                },
                Object {
                  "Fn::Join": Array [
                    "",
                    Array [
                      "arn:",
                      Object {
                        "Ref": "AWS::Partition",
                      },
                      ":logs:",
                      Object {
                        "Ref": "AWS::Region",
                      },
                      ":",
                      Object {
                        "Ref": "AWS::AccountId",
                      },
                      ":log-group:/aws/codebuild/",
                      Object {
                        "Ref": "Build45A36621",
                      },
                      ":*",
                    ],
                  ],
                },
              ],
            },
            Object {
              "Action": Array [
                "codebuild:CreateReportGroup",
                "codebuild:CreateReport",
                "codebuild:UpdateReport",
                "codebuild:BatchPutTestCases",
                "codebuild:BatchPutCodeCoverages",
              ],
              "Effect": "Allow",
              "Resource": Object {
                "Fn::Join": Array [
                  "",
                  Array [
                    "arn:",
                    Object {
                      "Ref": "AWS::Partition",
                    },
                    ":codebuild:",
                    Object {
                      "Ref": "AWS::Region",
                    },
                    ":",
                    Object {
                      "Ref": "AWS::AccountId",
                    },
                    ":report-group/",
                    Object {
                      "Ref": "Build45A36621",
                    },
                    "-*",
                  ],
                ],
              },
            },
            Object {
              "Action": Array [
                "s3:GetObject*",
                "s3:GetBucket*",
                "s3:List*",
                "s3:DeleteObject*",
                "s3:PutObject*",
                "s3:Abort*",
              ],
              "Effect": "Allow",
              "Resource": Array [
                Object {
                  "Fn::GetAtt": Array [
                    "ArtifactsBucket2AAC5544",
                    "Arn",
                  ],
                },
                Object {
                  "Fn::Join": Array [
                    "",
                    Array [
                      Object {
                        "Fn::GetAtt": Array [
                          "ArtifactsBucket2AAC5544",
                          "Arn",
                        ],
                      },
                      "/*",
                    ],
                  ],
                },
              ],
            },
            Object {
              "Action": "codestar-connections:UseConnection",
              "Effect": "Allow",
              "Resource": Object {
                "Fn::GetAtt": Array [
                  "GitHubConnection",
                  "ConnectionArn",
                ],
              },
            },
          ],
          "Version": "2012-10-17",
        },
        "PolicyName": "BuildRoleDefaultPolicyEAC4E6D6",
        "Roles": Array [
          Object {
            "Ref": "BuildRoleB7C66CB2",
          },
        ],
      },
      "Type": "AWS::IAM::Policy",
    },
    "GitHubConnection": Object {
      "Properties": Object {
        "ConnectionName": "github-connection",
        "ProviderType": "GitHub",
      },
      "Type": "AWS::CodeStarConnections::Connection",
    },
    "PipelineBuildCodePipelineActionRoleD77A08E6": Object {
      "Properties": Object {
        "AssumeRolePolicyDocument": Object {
          "Statement": Array [
            Object {
              "Action": "sts:AssumeRole",
              "Effect": "Allow",
              "Principal": Object {
                "AWS": Object {
                  "Fn::Join": Array [
                    "",
                    Array [
                      "arn:",
                      Object {
                        "Ref": "AWS::Partition",
                      },
                      ":iam::",
                      Object {
                        "Ref": "AWS::AccountId",
                      },
                      ":root",
                    ],
                  ],
                },
              },
            },
          ],
          "Version": "2012-10-17",
        },
      },
      "Type": "AWS::IAM::Role",
    },
    "PipelineBuildCodePipelineActionRoleDefaultPolicyC9CB73F8": Object {
      "Properties": Object {
        "PolicyDocument": Object {
          "Statement": Array [
            Object {
              "Action": Array [
                "codebuild:BatchGetBuilds",
                "codebuild:StartBuild",
                "codebuild:StopBuild",
              ],
              "Effect": "Allow",
              "Resource": Object {
                "Fn::GetAtt": Array [
                  "Build45A36621",
                  "Arn",
                ],
              },
            },
          ],
          "Version": "2012-10-17",
        },
        "PolicyName": "PipelineBuildCodePipelineActionRoleDefaultPolicyC9CB73F8",
        "Roles": Array [
          Object {
            "Ref": "PipelineBuildCodePipelineActionRoleD77A08E6",
          },
        ],
      },
      "Type": "AWS::IAM::Policy",
    },
    "PipelineC660917D": Object {
      "DependsOn": Array [
        "PipelineRoleDefaultPolicyC7A05455",
        "PipelineRoleD68726F7",
      ],
      "Properties": Object {
        "ArtifactStore": Object {
          "Location": Object {
            "Ref": "ArtifactsBucket2AAC5544",
          },
          "Type": "S3",
        },
        "RoleArn": Object {
          "Fn::GetAtt": Array [
            "PipelineRoleD68726F7",
            "Arn",
          ],
        },
        "Stages": Array [
          Object {
            "Actions": Array [
              Object {
                "ActionTypeId": Object {
                  "Category": "Source",
                  "Owner": "AWS",
                  "Provider": "CodeStarSourceConnection",
                  "Version": "1",
                },
                "Configuration": Object {
                  "BranchName": "main",
                  "ConnectionArn": Object {
                    "Fn::GetAtt": Array [
                      "GitHubConnection",
                      "ConnectionArn",
                    ],
                  },
                  "DetectChanges": false,
                  "FullRepositoryId": "anceschialberto/cdk-translator",
                  "OutputArtifactFormat": "CODEBUILD_CLONE_REF",
                },
                "Name": "Source",
                "OutputArtifacts": Array [
                  Object {
                    "Name": "Artifact_Source_Source",
                  },
                ],
                "RoleArn": Object {
                  "Fn::GetAtt": Array [
                    "PipelineSourceCodePipelineActionRoleC6F9E7F5",
                    "Arn",
                  ],
                },
                "RunOrder": 1,
              },
            ],
            "Name": "Source",
          },
          Object {
            "Actions": Array [
              Object {
                "ActionTypeId": Object {
                  "Category": "Build",
                  "Owner": "AWS",
                  "Provider": "CodeBuild",
                  "Version": "1",
                },
                "Configuration": Object {
                  "ProjectName": Object {
                    "Ref": "Build45A36621",
                  },
                },
                "InputArtifacts": Array [
                  Object {
                    "Name": "Artifact_Source_Source",
                  },
                ],
                "Name": "Build",
                "OutputArtifacts": Array [
                  Object {
                    "Name": "Artifact_Build_Build",
                  },
                ],
                "RoleArn": Object {
                  "Fn::GetAtt": Array [
                    "PipelineBuildCodePipelineActionRoleD77A08E6",
                    "Arn",
                  ],
                },
                "RunOrder": 1,
              },
            ],
            "Name": "Build",
          },
          Object {
            "Actions": Array [
              Object {
                "ActionTypeId": Object {
                  "Category": "Deploy",
                  "Owner": "AWS",
                  "Provider": "CloudFormation",
                  "Version": "1",
                },
                "Configuration": Object {
                  "ActionMode": "CHANGE_SET_REPLACE",
                  "Capabilities": "CAPABILITY_NAMED_IAM",
                  "ChangeSetName": "cdk-translator-change-set-main",
                  "RoleArn": Object {
                    "Fn::GetAtt": Array [
                      "PipelineDeployToDevCreateChangeSetRole10A0A2D1",
                      "Arn",
                    ],
                  },
                  "StackName": "cdk-translator-dev",
                  "TemplatePath": "Artifact_Build_Build::packaged.yaml",
                },
                "InputArtifacts": Array [
                  Object {
                    "Name": "Artifact_Build_Build",
                  },
                ],
                "Name": "CreateChangeSet",
                "RoleArn": Object {
                  "Fn::GetAtt": Array [
                    "PipelineDeployToDevCreateChangeSetCodePipelineActionRoleE8EE591B",
                    "Arn",
                  ],
                },
                "RunOrder": 1,
              },
              Object {
                "ActionTypeId": Object {
                  "Category": "Deploy",
                  "Owner": "AWS",
                  "Provider": "CloudFormation",
                  "Version": "1",
                },
                "Configuration": Object {
                  "ActionMode": "CHANGE_SET_EXECUTE",
                  "ChangeSetName": "cdk-translator-change-set-main",
                  "StackName": "cdk-translator-dev",
                },
                "Name": "Deploy",
                "RoleArn": Object {
                  "Fn::GetAtt": Array [
                    "PipelineDeployToDevDeployCodePipelineActionRole4E775F74",
                    "Arn",
                  ],
                },
                "RunOrder": 2,
              },
            ],
            "Name": "DeployToDev",
          },
        ],
      },
      "Type": "AWS::CodePipeline::Pipeline",
    },
    "PipelineDeployToDevCreateChangeSetCodePipelineActionRoleDefaultPolicyC192AE7F": Object {
      "Properties": Object {
        "PolicyDocument": Object {
          "Statement": Array [
            Object {
              "Action": "iam:PassRole",
              "Effect": "Allow",
              "Resource": Object {
                "Fn::GetAtt": Array [
                  "PipelineDeployToDevCreateChangeSetRole10A0A2D1",
                  "Arn",
                ],
              },
            },
            Object {
              "Action": Array [
                "s3:GetObject*",
                "s3:GetBucket*",
                "s3:List*",
              ],
              "Effect": "Allow",
              "Resource": Array [
                Object {
                  "Fn::GetAtt": Array [
                    "ArtifactsBucket2AAC5544",
                    "Arn",
                  ],
                },
                Object {
                  "Fn::Join": Array [
                    "",
                    Array [
                      Object {
                        "Fn::GetAtt": Array [
                          "ArtifactsBucket2AAC5544",
                          "Arn",
                        ],
                      },
                      "/*",
                    ],
                  ],
                },
              ],
            },
            Object {
              "Action": Array [
                "cloudformation:CreateChangeSet",
                "cloudformation:DeleteChangeSet",
                "cloudformation:DescribeChangeSet",
                "cloudformation:DescribeStacks",
              ],
              "Condition": Object {
                "StringEqualsIfExists": Object {
                  "cloudformation:ChangeSetName": "cdk-translator-change-set-main",
                },
              },
              "Effect": "Allow",
              "Resource": Object {
                "Fn::Join": Array [
                  "",
                  Array [
                    "arn:",
                    Object {
                      "Ref": "AWS::Partition",
                    },
                    ":cloudformation:",
                    Object {
                      "Ref": "AWS::Region",
                    },
                    ":",
                    Object {
                      "Ref": "AWS::AccountId",
                    },
                    ":stack/cdk-translator-dev/*",
                  ],
                ],
              },
            },
          ],
          "Version": "2012-10-17",
        },
        "PolicyName": "PipelineDeployToDevCreateChangeSetCodePipelineActionRoleDefaultPolicyC192AE7F",
        "Roles": Array [
          Object {
            "Ref": "PipelineDeployToDevCreateChangeSetCodePipelineActionRoleE8EE591B",
          },
        ],
      },
      "Type": "AWS::IAM::Policy",
    },
    "PipelineDeployToDevCreateChangeSetCodePipelineActionRoleE8EE591B": Object {
      "Properties": Object {
        "AssumeRolePolicyDocument": Object {
          "Statement": Array [
            Object {
              "Action": "sts:AssumeRole",
              "Effect": "Allow",
              "Principal": Object {
                "AWS": Object {
                  "Fn::Join": Array [
                    "",
                    Array [
                      "arn:",
                      Object {
                        "Ref": "AWS::Partition",
                      },
                      ":iam::",
                      Object {
                        "Ref": "AWS::AccountId",
                      },
                      ":root",
                    ],
                  ],
                },
              },
            },
          ],
          "Version": "2012-10-17",
        },
      },
      "Type": "AWS::IAM::Role",
    },
    "PipelineDeployToDevCreateChangeSetRole10A0A2D1": Object {
      "Properties": Object {
        "AssumeRolePolicyDocument": Object {
          "Statement": Array [
            Object {
              "Action": "sts:AssumeRole",
              "Effect": "Allow",
              "Principal": Object {
                "Service": "cloudformation.amazonaws.com",
              },
            },
          ],
          "Version": "2012-10-17",
        },
      },
      "Type": "AWS::IAM::Role",
    },
    "PipelineDeployToDevCreateChangeSetRoleDefaultPolicyAA15D1F8": Object {
      "Properties": Object {
        "PolicyDocument": Object {
          "Statement": Array [
            Object {
              "Action": Array [
                "s3:GetObject*",
                "s3:GetBucket*",
                "s3:List*",
              ],
              "Effect": "Allow",
              "Resource": Array [
                Object {
                  "Fn::GetAtt": Array [
                    "ArtifactsBucket2AAC5544",
                    "Arn",
                  ],
                },
                Object {
                  "Fn::Join": Array [
                    "",
                    Array [
                      Object {
                        "Fn::GetAtt": Array [
                          "ArtifactsBucket2AAC5544",
                          "Arn",
                        ],
                      },
                      "/*",
                    ],
                  ],
                },
              ],
            },
            Object {
              "Action": "*",
              "Effect": "Allow",
              "Resource": "*",
            },
          ],
          "Version": "2012-10-17",
        },
        "PolicyName": "PipelineDeployToDevCreateChangeSetRoleDefaultPolicyAA15D1F8",
        "Roles": Array [
          Object {
            "Ref": "PipelineDeployToDevCreateChangeSetRole10A0A2D1",
          },
        ],
      },
      "Type": "AWS::IAM::Policy",
    },
    "PipelineDeployToDevDeployCodePipelineActionRole4E775F74": Object {
      "Properties": Object {
        "AssumeRolePolicyDocument": Object {
          "Statement": Array [
            Object {
              "Action": "sts:AssumeRole",
              "Effect": "Allow",
              "Principal": Object {
                "AWS": Object {
                  "Fn::Join": Array [
                    "",
                    Array [
                      "arn:",
                      Object {
                        "Ref": "AWS::Partition",
                      },
                      ":iam::",
                      Object {
                        "Ref": "AWS::AccountId",
                      },
                      ":root",
                    ],
                  ],
                },
              },
            },
          ],
          "Version": "2012-10-17",
        },
      },
      "Type": "AWS::IAM::Role",
    },
    "PipelineDeployToDevDeployCodePipelineActionRoleDefaultPolicyF5988D54": Object {
      "Properties": Object {
        "PolicyDocument": Object {
          "Statement": Array [
            Object {
              "Action": Array [
                "cloudformation:DescribeChangeSet",
                "cloudformation:DescribeStacks",
                "cloudformation:ExecuteChangeSet",
              ],
              "Condition": Object {
                "StringEqualsIfExists": Object {
                  "cloudformation:ChangeSetName": "cdk-translator-change-set-main",
                },
              },
              "Effect": "Allow",
              "Resource": Object {
                "Fn::Join": Array [
                  "",
                  Array [
                    "arn:",
                    Object {
                      "Ref": "AWS::Partition",
                    },
                    ":cloudformation:",
                    Object {
                      "Ref": "AWS::Region",
                    },
                    ":",
                    Object {
                      "Ref": "AWS::AccountId",
                    },
                    ":stack/cdk-translator-dev/*",
                  ],
                ],
              },
            },
          ],
          "Version": "2012-10-17",
        },
        "PolicyName": "PipelineDeployToDevDeployCodePipelineActionRoleDefaultPolicyF5988D54",
        "Roles": Array [
          Object {
            "Ref": "PipelineDeployToDevDeployCodePipelineActionRole4E775F74",
          },
        ],
      },
      "Type": "AWS::IAM::Policy",
    },
    "PipelineRoleD68726F7": Object {
      "Properties": Object {
        "AssumeRolePolicyDocument": Object {
          "Statement": Array [
            Object {
              "Action": "sts:AssumeRole",
              "Effect": "Allow",
              "Principal": Object {
                "Service": "codepipeline.amazonaws.com",
              },
            },
          ],
          "Version": "2012-10-17",
        },
      },
      "Type": "AWS::IAM::Role",
    },
    "PipelineRoleDefaultPolicyC7A05455": Object {
      "Properties": Object {
        "PolicyDocument": Object {
          "Statement": Array [
            Object {
              "Action": Array [
                "s3:GetObject*",
                "s3:GetBucket*",
                "s3:List*",
                "s3:DeleteObject*",
                "s3:PutObject*",
                "s3:Abort*",
              ],
              "Effect": "Allow",
              "Resource": Array [
                Object {
                  "Fn::GetAtt": Array [
                    "ArtifactsBucket2AAC5544",
                    "Arn",
                  ],
                },
                Object {
                  "Fn::Join": Array [
                    "",
                    Array [
                      Object {
                        "Fn::GetAtt": Array [
                          "ArtifactsBucket2AAC5544",
                          "Arn",
                        ],
                      },
                      "/*",
                    ],
                  ],
                },
              ],
            },
            Object {
              "Action": "sts:AssumeRole",
              "Effect": "Allow",
              "Resource": Object {
                "Fn::GetAtt": Array [
                  "PipelineSourceCodePipelineActionRoleC6F9E7F5",
                  "Arn",
                ],
              },
            },
            Object {
              "Action": "sts:AssumeRole",
              "Effect": "Allow",
              "Resource": Object {
                "Fn::GetAtt": Array [
                  "PipelineBuildCodePipelineActionRoleD77A08E6",
                  "Arn",
                ],
              },
            },
            Object {
              "Action": "sts:AssumeRole",
              "Effect": "Allow",
              "Resource": Object {
                "Fn::GetAtt": Array [
                  "PipelineDeployToDevCreateChangeSetCodePipelineActionRoleE8EE591B",
                  "Arn",
                ],
              },
            },
            Object {
              "Action": "sts:AssumeRole",
              "Effect": "Allow",
              "Resource": Object {
                "Fn::GetAtt": Array [
                  "PipelineDeployToDevDeployCodePipelineActionRole4E775F74",
                  "Arn",
                ],
              },
            },
          ],
          "Version": "2012-10-17",
        },
        "PolicyName": "PipelineRoleDefaultPolicyC7A05455",
        "Roles": Array [
          Object {
            "Ref": "PipelineRoleD68726F7",
          },
        ],
      },
      "Type": "AWS::IAM::Policy",
    },
    "PipelineSourceCodePipelineActionRoleC6F9E7F5": Object {
      "Properties": Object {
        "AssumeRolePolicyDocument": Object {
          "Statement": Array [
            Object {
              "Action": "sts:AssumeRole",
              "Effect": "Allow",
              "Principal": Object {
                "AWS": Object {
                  "Fn::Join": Array [
                    "",
                    Array [
                      "arn:",
                      Object {
                        "Ref": "AWS::Partition",
                      },
                      ":iam::",
                      Object {
                        "Ref": "AWS::AccountId",
                      },
                      ":root",
                    ],
                  ],
                },
              },
            },
          ],
          "Version": "2012-10-17",
        },
      },
      "Type": "AWS::IAM::Role",
    },
    "PipelineSourceCodePipelineActionRoleDefaultPolicy2D565925": Object {
      "Properties": Object {
        "PolicyDocument": Object {
          "Statement": Array [
            Object {
              "Action": "codestar-connections:UseConnection",
              "Effect": "Allow",
              "Resource": Object {
                "Fn::GetAtt": Array [
                  "GitHubConnection",
                  "ConnectionArn",
                ],
              },
            },
            Object {
              "Action": Array [
                "s3:GetObject*",
                "s3:GetBucket*",
                "s3:List*",
                "s3:DeleteObject*",
                "s3:PutObject*",
                "s3:Abort*",
              ],
              "Effect": "Allow",
              "Resource": Array [
                Object {
                  "Fn::GetAtt": Array [
                    "ArtifactsBucket2AAC5544",
                    "Arn",
                  ],
                },
                Object {
                  "Fn::Join": Array [
                    "",
                    Array [
                      Object {
                        "Fn::GetAtt": Array [
                          "ArtifactsBucket2AAC5544",
                          "Arn",
                        ],
                      },
                      "/*",
                    ],
                  ],
                },
              ],
            },
            Object {
              "Action": "s3:PutObjectAcl",
              "Effect": "Allow",
              "Resource": Object {
                "Fn::Join": Array [
                  "",
                  Array [
                    Object {
                      "Fn::GetAtt": Array [
                        "ArtifactsBucket2AAC5544",
                        "Arn",
                      ],
                    },
                    "/*",
                  ],
                ],
              },
            },
          ],
          "Version": "2012-10-17",
        },
        "PolicyName": "PipelineSourceCodePipelineActionRoleDefaultPolicy2D565925",
        "Roles": Array [
          Object {
            "Ref": "PipelineSourceCodePipelineActionRoleC6F9E7F5",
          },
        ],
      },
      "Type": "AWS::IAM::Policy",
    },
    "UseCodeStarConnectionPolicy72C97B62": Object {
      "Properties": Object {
        "PolicyDocument": Object {
          "Statement": Array [
            Object {
              "Action": "codestar-connections:UseConnection",
              "Effect": "Allow",
              "Resource": Object {
                "Fn::GetAtt": Array [
                  "GitHubConnection",
                  "ConnectionArn",
                ],
              },
            },
          ],
          "Version": "2012-10-17",
        },
        "PolicyName": "UseCodeStarConnectionPolicy72C97B62",
        "Roles": Array [
          Object {
            "Ref": "BuildRoleB7C66CB2",
          },
        ],
      },
      "Type": "AWS::IAM::Policy",
    },
  },
}
`;
