// Jest Snapshot v1, https://goo.gl/fbAQLP

exports[`Empty Stack 1`] = `
Object {
  "Outputs": Object {
    "APIurl": Object {
      "Value": Object {
        "Fn::Join": Array [
          "",
          Array [
            "https://",
            Object {
              "Ref": "TranslateAPI19A43816",
            },
            ".execute-api.",
            Object {
              "Ref": "AWS::Region",
            },
            ".",
            Object {
              "Ref": "AWS::URLSuffix",
            },
            "/",
          ],
        ],
      },
    },
    "GetFunctionName": Object {
      "Value": Object {
        "Ref": "GetTranslationFunction0677F2E3",
      },
    },
    "PutFunctionName": Object {
      "Value": Object {
        "Ref": "PutTranslationFunction9E955411",
      },
    },
    "SaveFunctionName": Object {
      "Value": Object {
        "Ref": "SaveTranslationFunctionD9E440D6",
      },
    },
    "TranslationBus": Object {
      "Value": Object {
        "Ref": "TranslateBus46D6DDAA",
      },
    },
    "TranslationTable": Object {
      "Value": Object {
        "Ref": "TranslateTable1ABF9811",
      },
    },
  },
  "Parameters": Object {
    "AssetParameters524794beb8ee84510e71cd10847fefe4503a5c8277a2d0bd4eef23761df7091eArtifactHash0434C292": Object {
      "Description": "Artifact hash for asset \\"524794beb8ee84510e71cd10847fefe4503a5c8277a2d0bd4eef23761df7091e\\"",
      "Type": "String",
    },
    "AssetParameters524794beb8ee84510e71cd10847fefe4503a5c8277a2d0bd4eef23761df7091eS3Bucket89A88BC5": Object {
      "Description": "S3 bucket for asset \\"524794beb8ee84510e71cd10847fefe4503a5c8277a2d0bd4eef23761df7091e\\"",
      "Type": "String",
    },
    "AssetParameters524794beb8ee84510e71cd10847fefe4503a5c8277a2d0bd4eef23761df7091eS3VersionKey8E2F5365": Object {
      "Description": "S3 key for asset version \\"524794beb8ee84510e71cd10847fefe4503a5c8277a2d0bd4eef23761df7091e\\"",
      "Type": "String",
    },
    "AssetParameters5872e356d8dbde47c8970f0c102f0fd792939010e9514d555fb04587237117a0ArtifactHash4F1FB23D": Object {
      "Description": "Artifact hash for asset \\"5872e356d8dbde47c8970f0c102f0fd792939010e9514d555fb04587237117a0\\"",
      "Type": "String",
    },
    "AssetParameters5872e356d8dbde47c8970f0c102f0fd792939010e9514d555fb04587237117a0S3Bucket5C7AE909": Object {
      "Description": "S3 bucket for asset \\"5872e356d8dbde47c8970f0c102f0fd792939010e9514d555fb04587237117a0\\"",
      "Type": "String",
    },
    "AssetParameters5872e356d8dbde47c8970f0c102f0fd792939010e9514d555fb04587237117a0S3VersionKeyB77D2116": Object {
      "Description": "S3 key for asset version \\"5872e356d8dbde47c8970f0c102f0fd792939010e9514d555fb04587237117a0\\"",
      "Type": "String",
    },
    "AssetParameters5e3aa02ee8341cc59b83b76bbfe65f66e86dc6d8592ec9d838f5f0527de63a8eArtifactHash50290F32": Object {
      "Description": "Artifact hash for asset \\"5e3aa02ee8341cc59b83b76bbfe65f66e86dc6d8592ec9d838f5f0527de63a8e\\"",
      "Type": "String",
    },
    "AssetParameters5e3aa02ee8341cc59b83b76bbfe65f66e86dc6d8592ec9d838f5f0527de63a8eS3Bucket438FB6D1": Object {
      "Description": "S3 bucket for asset \\"5e3aa02ee8341cc59b83b76bbfe65f66e86dc6d8592ec9d838f5f0527de63a8e\\"",
      "Type": "String",
    },
    "AssetParameters5e3aa02ee8341cc59b83b76bbfe65f66e86dc6d8592ec9d838f5f0527de63a8eS3VersionKeyB6076E07": Object {
      "Description": "S3 key for asset version \\"5e3aa02ee8341cc59b83b76bbfe65f66e86dc6d8592ec9d838f5f0527de63a8e\\"",
      "Type": "String",
    },
  },
  "Resources": Object {
    "GetTranslationFunction0677F2E3": Object {
      "DependsOn": Array [
        "GetTranslationFunctionServiceRoleDefaultPolicy7862AC6E",
        "GetTranslationFunctionServiceRole408CD69C",
      ],
      "Properties": Object {
        "Code": Object {
          "S3Bucket": Object {
            "Ref": "AssetParameters5e3aa02ee8341cc59b83b76bbfe65f66e86dc6d8592ec9d838f5f0527de63a8eS3Bucket438FB6D1",
          },
          "S3Key": Object {
            "Fn::Join": Array [
              "",
              Array [
                Object {
                  "Fn::Select": Array [
                    0,
                    Object {
                      "Fn::Split": Array [
                        "||",
                        Object {
                          "Ref": "AssetParameters5e3aa02ee8341cc59b83b76bbfe65f66e86dc6d8592ec9d838f5f0527de63a8eS3VersionKeyB6076E07",
                        },
                      ],
                    },
                  ],
                },
                Object {
                  "Fn::Select": Array [
                    1,
                    Object {
                      "Fn::Split": Array [
                        "||",
                        Object {
                          "Ref": "AssetParameters5e3aa02ee8341cc59b83b76bbfe65f66e86dc6d8592ec9d838f5f0527de63a8eS3VersionKeyB6076E07",
                        },
                      ],
                    },
                  ],
                },
              ],
            ],
          },
        },
        "Environment": Object {
          "Variables": Object {
            "AWS_NODEJS_CONNECTION_REUSE_ENABLED": "1",
            "TRANSLATE_TABLE": Object {
              "Ref": "TranslateTable1ABF9811",
            },
          },
        },
        "Handler": "index.handler",
        "Role": Object {
          "Fn::GetAtt": Array [
            "GetTranslationFunctionServiceRole408CD69C",
            "Arn",
          ],
        },
        "Runtime": "nodejs14.x",
        "TracingConfig": Object {
          "Mode": "Active",
        },
      },
      "Type": "AWS::Lambda::Function",
    },
    "GetTranslationFunctionServiceRole408CD69C": Object {
      "Properties": Object {
        "AssumeRolePolicyDocument": Object {
          "Statement": Array [
            Object {
              "Action": "sts:AssumeRole",
              "Effect": "Allow",
              "Principal": Object {
                "Service": "lambda.amazonaws.com",
              },
            },
          ],
          "Version": "2012-10-17",
        },
        "ManagedPolicyArns": Array [
          Object {
            "Fn::Join": Array [
              "",
              Array [
                "arn:",
                Object {
                  "Ref": "AWS::Partition",
                },
                ":iam::aws:policy/service-role/AWSLambdaBasicExecutionRole",
              ],
            ],
          },
        ],
      },
      "Type": "AWS::IAM::Role",
    },
    "GetTranslationFunctionServiceRoleDefaultPolicy7862AC6E": Object {
      "Properties": Object {
        "PolicyDocument": Object {
          "Statement": Array [
            Object {
              "Action": Array [
                "xray:PutTraceSegments",
                "xray:PutTelemetryRecords",
              ],
              "Effect": "Allow",
              "Resource": "*",
            },
            Object {
              "Action": Array [
                "dynamodb:BatchGetItem",
                "dynamodb:GetRecords",
                "dynamodb:GetShardIterator",
                "dynamodb:Query",
                "dynamodb:GetItem",
                "dynamodb:Scan",
                "dynamodb:ConditionCheckItem",
              ],
              "Effect": "Allow",
              "Resource": Array [
                Object {
                  "Fn::GetAtt": Array [
                    "TranslateTable1ABF9811",
                    "Arn",
                  ],
                },
                Object {
                  "Ref": "AWS::NoValue",
                },
              ],
            },
          ],
          "Version": "2012-10-17",
        },
        "PolicyName": "GetTranslationFunctionServiceRoleDefaultPolicy7862AC6E",
        "Roles": Array [
          Object {
            "Ref": "GetTranslationFunctionServiceRole408CD69C",
          },
        ],
      },
      "Type": "AWS::IAM::Policy",
    },
    "PutTranslatePolicyB54B2023": Object {
      "Properties": Object {
        "PolicyDocument": Object {
          "Statement": Array [
            Object {
              "Action": "translate:TranslateText",
              "Effect": "Allow",
              "Resource": "*",
            },
          ],
          "Version": "2012-10-17",
        },
        "PolicyName": "PutTranslatePolicyB54B2023",
        "Roles": Array [
          Object {
            "Ref": "PutTranslationFunctionServiceRoleE038FB93",
          },
        ],
      },
      "Type": "AWS::IAM::Policy",
    },
    "PutTranslationFunction9E955411": Object {
      "DependsOn": Array [
        "PutTranslationFunctionServiceRoleDefaultPolicyB878D483",
        "PutTranslationFunctionServiceRoleE038FB93",
      ],
      "Properties": Object {
        "Code": Object {
          "S3Bucket": Object {
            "Ref": "AssetParameters524794beb8ee84510e71cd10847fefe4503a5c8277a2d0bd4eef23761df7091eS3Bucket89A88BC5",
          },
          "S3Key": Object {
            "Fn::Join": Array [
              "",
              Array [
                Object {
                  "Fn::Select": Array [
                    0,
                    Object {
                      "Fn::Split": Array [
                        "||",
                        Object {
                          "Ref": "AssetParameters524794beb8ee84510e71cd10847fefe4503a5c8277a2d0bd4eef23761df7091eS3VersionKey8E2F5365",
                        },
                      ],
                    },
                  ],
                },
                Object {
                  "Fn::Select": Array [
                    1,
                    Object {
                      "Fn::Split": Array [
                        "||",
                        Object {
                          "Ref": "AssetParameters524794beb8ee84510e71cd10847fefe4503a5c8277a2d0bd4eef23761df7091eS3VersionKey8E2F5365",
                        },
                      ],
                    },
                  ],
                },
              ],
            ],
          },
        },
        "Environment": Object {
          "Variables": Object {
            "AWS_NODEJS_CONNECTION_REUSE_ENABLED": "1",
            "TRANSLATE_BUS": Object {
              "Ref": "TranslateBus46D6DDAA",
            },
          },
        },
        "Handler": "index.handler",
        "Role": Object {
          "Fn::GetAtt": Array [
            "PutTranslationFunctionServiceRoleE038FB93",
            "Arn",
          ],
        },
        "Runtime": "nodejs14.x",
        "TracingConfig": Object {
          "Mode": "Active",
        },
      },
      "Type": "AWS::Lambda::Function",
    },
    "PutTranslationFunctionServiceRoleDefaultPolicyB878D483": Object {
      "Properties": Object {
        "PolicyDocument": Object {
          "Statement": Array [
            Object {
              "Action": Array [
                "xray:PutTraceSegments",
                "xray:PutTelemetryRecords",
              ],
              "Effect": "Allow",
              "Resource": "*",
            },
            Object {
              "Action": "events:PutEvents",
              "Effect": "Allow",
              "Resource": Object {
                "Fn::GetAtt": Array [
                  "TranslateBus46D6DDAA",
                  "Arn",
                ],
              },
            },
          ],
          "Version": "2012-10-17",
        },
        "PolicyName": "PutTranslationFunctionServiceRoleDefaultPolicyB878D483",
        "Roles": Array [
          Object {
            "Ref": "PutTranslationFunctionServiceRoleE038FB93",
          },
        ],
      },
      "Type": "AWS::IAM::Policy",
    },
    "PutTranslationFunctionServiceRoleE038FB93": Object {
      "Properties": Object {
        "AssumeRolePolicyDocument": Object {
          "Statement": Array [
            Object {
              "Action": "sts:AssumeRole",
              "Effect": "Allow",
              "Principal": Object {
                "Service": "lambda.amazonaws.com",
              },
            },
          ],
          "Version": "2012-10-17",
        },
        "ManagedPolicyArns": Array [
          Object {
            "Fn::Join": Array [
              "",
              Array [
                "arn:",
                Object {
                  "Ref": "AWS::Partition",
                },
                ":iam::aws:policy/service-role/AWSLambdaBasicExecutionRole",
              ],
            ],
          },
        ],
      },
      "Type": "AWS::IAM::Role",
    },
    "SaveTranslationFunctionAllowEventRuleCdkDayStackSaveTranslationRule8F180B16B8FEB8E6": Object {
      "Properties": Object {
        "Action": "lambda:InvokeFunction",
        "FunctionName": Object {
          "Fn::GetAtt": Array [
            "SaveTranslationFunctionD9E440D6",
            "Arn",
          ],
        },
        "Principal": "events.amazonaws.com",
        "SourceArn": Object {
          "Fn::GetAtt": Array [
            "SaveTranslationRule77BFC15F",
            "Arn",
          ],
        },
      },
      "Type": "AWS::Lambda::Permission",
    },
    "SaveTranslationFunctionD9E440D6": Object {
      "DependsOn": Array [
        "SaveTranslationFunctionServiceRoleDefaultPolicyE1167723",
        "SaveTranslationFunctionServiceRoleDCF57C08",
      ],
      "Properties": Object {
        "Code": Object {
          "S3Bucket": Object {
            "Ref": "AssetParameters5872e356d8dbde47c8970f0c102f0fd792939010e9514d555fb04587237117a0S3Bucket5C7AE909",
          },
          "S3Key": Object {
            "Fn::Join": Array [
              "",
              Array [
                Object {
                  "Fn::Select": Array [
                    0,
                    Object {
                      "Fn::Split": Array [
                        "||",
                        Object {
                          "Ref": "AssetParameters5872e356d8dbde47c8970f0c102f0fd792939010e9514d555fb04587237117a0S3VersionKeyB77D2116",
                        },
                      ],
                    },
                  ],
                },
                Object {
                  "Fn::Select": Array [
                    1,
                    Object {
                      "Fn::Split": Array [
                        "||",
                        Object {
                          "Ref": "AssetParameters5872e356d8dbde47c8970f0c102f0fd792939010e9514d555fb04587237117a0S3VersionKeyB77D2116",
                        },
                      ],
                    },
                  ],
                },
              ],
            ],
          },
        },
        "Environment": Object {
          "Variables": Object {
            "AWS_NODEJS_CONNECTION_REUSE_ENABLED": "1",
            "TRANSLATE_TABLE": Object {
              "Ref": "TranslateTable1ABF9811",
            },
          },
        },
        "Handler": "index.handler",
        "Role": Object {
          "Fn::GetAtt": Array [
            "SaveTranslationFunctionServiceRoleDCF57C08",
            "Arn",
          ],
        },
        "Runtime": "nodejs14.x",
        "TracingConfig": Object {
          "Mode": "Active",
        },
      },
      "Type": "AWS::Lambda::Function",
    },
    "SaveTranslationFunctionServiceRoleDCF57C08": Object {
      "Properties": Object {
        "AssumeRolePolicyDocument": Object {
          "Statement": Array [
            Object {
              "Action": "sts:AssumeRole",
              "Effect": "Allow",
              "Principal": Object {
                "Service": "lambda.amazonaws.com",
              },
            },
          ],
          "Version": "2012-10-17",
        },
        "ManagedPolicyArns": Array [
          Object {
            "Fn::Join": Array [
              "",
              Array [
                "arn:",
                Object {
                  "Ref": "AWS::Partition",
                },
                ":iam::aws:policy/service-role/AWSLambdaBasicExecutionRole",
              ],
            ],
          },
        ],
      },
      "Type": "AWS::IAM::Role",
    },
    "SaveTranslationFunctionServiceRoleDefaultPolicyE1167723": Object {
      "Properties": Object {
        "PolicyDocument": Object {
          "Statement": Array [
            Object {
              "Action": Array [
                "xray:PutTraceSegments",
                "xray:PutTelemetryRecords",
              ],
              "Effect": "Allow",
              "Resource": "*",
            },
            Object {
              "Action": Array [
                "dynamodb:BatchWriteItem",
                "dynamodb:PutItem",
                "dynamodb:UpdateItem",
                "dynamodb:DeleteItem",
              ],
              "Effect": "Allow",
              "Resource": Array [
                Object {
                  "Fn::GetAtt": Array [
                    "TranslateTable1ABF9811",
                    "Arn",
                  ],
                },
                Object {
                  "Ref": "AWS::NoValue",
                },
              ],
            },
          ],
          "Version": "2012-10-17",
        },
        "PolicyName": "SaveTranslationFunctionServiceRoleDefaultPolicyE1167723",
        "Roles": Array [
          Object {
            "Ref": "SaveTranslationFunctionServiceRoleDCF57C08",
          },
        ],
      },
      "Type": "AWS::IAM::Policy",
    },
    "SaveTranslationRule77BFC15F": Object {
      "Properties": Object {
        "EventBusName": Object {
          "Ref": "TranslateBus46D6DDAA",
        },
        "EventPattern": Object {
          "detail-type": Array [
            "translation",
          ],
        },
        "State": "ENABLED",
        "Targets": Array [
          Object {
            "Arn": Object {
              "Fn::GetAtt": Array [
                "SaveTranslationFunctionD9E440D6",
                "Arn",
              ],
            },
            "Id": "Target0",
          },
        ],
      },
      "Type": "AWS::Events::Rule",
    },
    "TranslateAPI19A43816": Object {
      "Properties": Object {
        "Name": "TranslateAPI",
        "ProtocolType": "HTTP",
      },
      "Type": "AWS::ApiGatewayV2::Api",
    },
    "TranslateAPIDefaultStage3BDD98F9": Object {
      "Properties": Object {
        "ApiId": Object {
          "Ref": "TranslateAPI19A43816",
        },
        "AutoDeploy": true,
        "StageName": "$default",
      },
      "Type": "AWS::ApiGatewayV2::Stage",
    },
    "TranslateAPIGET71FB00DE": Object {
      "Properties": Object {
        "ApiId": Object {
          "Ref": "TranslateAPI19A43816",
        },
        "AuthorizationType": "NONE",
        "RouteKey": "GET /",
        "Target": Object {
          "Fn::Join": Array [
            "",
            Array [
              "integrations/",
              Object {
                "Ref": "TranslateAPIGETidHttpIntegration880cc39dcb422e77f6801a8ce2294b073770B841",
              },
            ],
          ],
        },
      },
      "Type": "AWS::ApiGatewayV2::Route",
    },
    "TranslateAPIGETCdkDayStackTranslateAPIGETCB27EC2BPermission8478C60C": Object {
      "Properties": Object {
        "Action": "lambda:InvokeFunction",
        "FunctionName": Object {
          "Fn::GetAtt": Array [
            "GetTranslationFunction0677F2E3",
            "Arn",
          ],
        },
        "Principal": "apigateway.amazonaws.com",
        "SourceArn": Object {
          "Fn::Join": Array [
            "",
            Array [
              "arn:",
              Object {
                "Ref": "AWS::Partition",
              },
              ":execute-api:",
              Object {
                "Ref": "AWS::Region",
              },
              ":",
              Object {
                "Ref": "AWS::AccountId",
              },
              ":",
              Object {
                "Ref": "TranslateAPI19A43816",
              },
              "/*/*/",
            ],
          ],
        },
      },
      "Type": "AWS::Lambda::Permission",
    },
    "TranslateAPIGETid45762B1E": Object {
      "Properties": Object {
        "ApiId": Object {
          "Ref": "TranslateAPI19A43816",
        },
        "AuthorizationType": "NONE",
        "RouteKey": "GET /{id}",
        "Target": Object {
          "Fn::Join": Array [
            "",
            Array [
              "integrations/",
              Object {
                "Ref": "TranslateAPIGETidHttpIntegration880cc39dcb422e77f6801a8ce2294b073770B841",
              },
            ],
          ],
        },
      },
      "Type": "AWS::ApiGatewayV2::Route",
    },
    "TranslateAPIGETidCdkDayStackTranslateAPIGETid7794A409Permission2E72401E": Object {
      "Properties": Object {
        "Action": "lambda:InvokeFunction",
        "FunctionName": Object {
          "Fn::GetAtt": Array [
            "GetTranslationFunction0677F2E3",
            "Arn",
          ],
        },
        "Principal": "apigateway.amazonaws.com",
        "SourceArn": Object {
          "Fn::Join": Array [
            "",
            Array [
              "arn:",
              Object {
                "Ref": "AWS::Partition",
              },
              ":execute-api:",
              Object {
                "Ref": "AWS::Region",
              },
              ":",
              Object {
                "Ref": "AWS::AccountId",
              },
              ":",
              Object {
                "Ref": "TranslateAPI19A43816",
              },
              "/*/*/{id}",
            ],
          ],
        },
      },
      "Type": "AWS::Lambda::Permission",
    },
    "TranslateAPIGETidHttpIntegration880cc39dcb422e77f6801a8ce2294b073770B841": Object {
      "Properties": Object {
        "ApiId": Object {
          "Ref": "TranslateAPI19A43816",
        },
        "IntegrationType": "AWS_PROXY",
        "IntegrationUri": Object {
          "Fn::GetAtt": Array [
            "GetTranslationFunction0677F2E3",
            "Arn",
          ],
        },
        "PayloadFormatVersion": "2.0",
      },
      "Type": "AWS::ApiGatewayV2::Integration",
    },
    "TranslateAPIPOSTCdkDayStackTranslateAPIPOST457D5C02Permission726A551D": Object {
      "Properties": Object {
        "Action": "lambda:InvokeFunction",
        "FunctionName": Object {
          "Fn::GetAtt": Array [
            "PutTranslationFunction9E955411",
            "Arn",
          ],
        },
        "Principal": "apigateway.amazonaws.com",
        "SourceArn": Object {
          "Fn::Join": Array [
            "",
            Array [
              "arn:",
              Object {
                "Ref": "AWS::Partition",
              },
              ":execute-api:",
              Object {
                "Ref": "AWS::Region",
              },
              ":",
              Object {
                "Ref": "AWS::AccountId",
              },
              ":",
              Object {
                "Ref": "TranslateAPI19A43816",
              },
              "/*/*/",
            ],
          ],
        },
      },
      "Type": "AWS::Lambda::Permission",
    },
    "TranslateAPIPOSTD32A2B26": Object {
      "Properties": Object {
        "ApiId": Object {
          "Ref": "TranslateAPI19A43816",
        },
        "AuthorizationType": "NONE",
        "RouteKey": "POST /",
        "Target": Object {
          "Fn::Join": Array [
            "",
            Array [
              "integrations/",
              Object {
                "Ref": "TranslateAPIPOSTHttpIntegration8710e6b71ff5c67e39e9b5b40fe39dbaEFCE3F57",
              },
            ],
          ],
        },
      },
      "Type": "AWS::ApiGatewayV2::Route",
    },
    "TranslateAPIPOSTHttpIntegration8710e6b71ff5c67e39e9b5b40fe39dbaEFCE3F57": Object {
      "Properties": Object {
        "ApiId": Object {
          "Ref": "TranslateAPI19A43816",
        },
        "IntegrationType": "AWS_PROXY",
        "IntegrationUri": Object {
          "Fn::GetAtt": Array [
            "PutTranslationFunction9E955411",
            "Arn",
          ],
        },
        "PayloadFormatVersion": "2.0",
      },
      "Type": "AWS::ApiGatewayV2::Integration",
    },
    "TranslateBus46D6DDAA": Object {
      "Properties": Object {
        "Name": "TranslateBus",
      },
      "Type": "AWS::Events::EventBus",
    },
    "TranslateTable1ABF9811": Object {
      "DeletionPolicy": "Retain",
      "Properties": Object {
        "AttributeDefinitions": Array [
          Object {
            "AttributeName": "id",
            "AttributeType": "S",
          },
          Object {
            "AttributeName": "language",
            "AttributeType": "S",
          },
        ],
        "KeySchema": Array [
          Object {
            "AttributeName": "id",
            "KeyType": "HASH",
          },
          Object {
            "AttributeName": "language",
            "KeyType": "RANGE",
          },
        ],
        "ProvisionedThroughput": Object {
          "ReadCapacityUnits": 5,
          "WriteCapacityUnits": 5,
        },
      },
      "Type": "AWS::DynamoDB::Table",
      "UpdateReplacePolicy": "Retain",
    },
  },
}
`;
